baseline-verified: gateway-memory-run1
baseline-verified: gateway-sqlite-run1
baseline-verified: component-memory-run1
baseline-verified: component-sqlite-run1
baseline-verified: journal-sqlite-run1
baseline-verified: lifecycle-memory-run1
baseline-verified: lifecycle-sqlite-run1
baseline-verified: lifecycle-sqlite-run2
baseline-verified: lifecycle-memory-run2
baseline-verified: journal-sqlite-run2
baseline-verified: component-sqlite-run2
baseline-verified: component-memory-run2
baseline-verified: gateway-sqlite-run2
baseline-verified: gateway-memory-run2
baseline-verified: gateway-memory-run3
baseline-verified: gateway-sqlite-run3
baseline-verified: component-memory-run3
baseline-verified: component-sqlite-run3
baseline-verified: journal-sqlite-run3
baseline-verified: lifecycle-memory-run3
baseline-verified: lifecycle-sqlite-run3
baseline-matrix-verified: J:\Code\Kernel\docs\evidence\m0\baseline-20260905T120031；初始七场景、多进程轮次完成；缺口见索引
